../Core/aifes/basic/default/aimath/aimath_q7_default.c:34:6:aimath_q7_default_linear32	72	static
../Core/aifes/basic/default/aimath/aimath_q7_default.c:119:6:aimath_q7_default_linear32_bt	72	static
../Core/aifes/basic/default/aimath/aimath_q7_default.c:204:6:aimath_q7_default_mat_mul	24	static
../Core/aifes/basic/default/aimath/aimath_q7_default.c:208:6:aimath_q7_default_multiply	48	static
../Core/aifes/basic/default/aimath/aimath_q7_default.c:271:6:aimath_q7_default_scalar_mul	48	static
../Core/aifes/basic/default/aimath/aimath_q7_default.c:336:6:aimath_q7_default_tensor_add_different_shift	48	static
../Core/aifes/basic/default/aimath/aimath_q7_default.c:392:6:aimath_q7_default_tensor_add_same_shift	40	static
../Core/aifes/basic/default/aimath/aimath_q7_default.c:409:6:aimath_q7_default_tensor_sub_different_shift	48	static
../Core/aifes/basic/default/aimath/aimath_q7_default.c:465:6:aimath_q7_default_tensor_sub_same_shift	40	static
../Core/aifes/basic/default/aimath/aimath_q7_default.c:482:6:aimath_q7_default_copy_tensor	24	static
../Core/aifes/basic/default/aimath/aimath_q7_default.c:492:6:aimath_q7_default_transpose_vector	24	static
../Core/aifes/basic/default/aimath/aimath_q7_default.c:501:6:aimath_q7_default_transpose_matrix	80	dynamic
../Core/aifes/basic/default/aimath/aimath_q7_default.c:521:6:aimath_q7_default_sigmoid	40	static
../Core/aifes/basic/default/aimath/aimath_q7_default.c:595:6:aimath_q7_default_elu	64	static
../Core/aifes/basic/default/aimath/aimath_q7_default.c:670:6:aimath_q7_default_relu	24	static
../Core/aifes/basic/default/aimath/aimath_q7_default.c:687:6:aimath_q7_default_d_relu	24	static
../Core/aifes/basic/default/aimath/aimath_q7_default.c:703:6:aimath_q7_default_leaky_relu	48	static
../Core/aifes/basic/default/aimath/aimath_q7_default.c:770:6:aimath_q7_default_tanh	40	static
../Core/aifes/basic/default/aimath/aimath_q7_default.c:844:6:aimath_q7_default_softsign	32	static
../Core/aifes/basic/default/aimath/aimath_q7_default.c:879:6:aimath_q7_default_softmax	88	dynamic
../Core/aifes/basic/default/aimath/aimath_q7_default.c:963:6:aimath_q7_default_zero_tensor	24	static
../Core/aifes/basic/default/aimath/aimath_q7_default.c:976:6:aimath_q7_default_init_zeros	24	static
