../Core/aifes/basic/default/aimath/aimath_f32_default.c:33:6:aimath_f32_default_linear	56	static
../Core/aifes/basic/default/aimath/aimath_f32_default.c:75:6:aimath_f32_default_linear_at	56	static
../Core/aifes/basic/default/aimath/aimath_f32_default.c:117:6:aimath_f32_default_linear_bt	56	static
../Core/aifes/basic/default/aimath/aimath_f32_default.c:160:6:aimath_f32_default_linear_atrt	56	static
../Core/aifes/basic/default/aimath/aimath_f32_default.c:202:6:aimath_f32_default_mat_mul	24	static
../Core/aifes/basic/default/aimath/aimath_f32_default.c:206:6:aimath_f32_default_mat_mul_at	24	static
../Core/aifes/basic/default/aimath/aimath_f32_default.c:210:6:aimath_f32_default_mat_mul_bt	24	static
../Core/aifes/basic/default/aimath/aimath_f32_default.c:214:6:aimath_f32_default_mat_mul_atrt	24	static
../Core/aifes/basic/default/aimath/aimath_f32_default.c:218:6:aimath_f32_default_multiply	32	static
../Core/aifes/basic/default/aimath/aimath_f32_default.c:228:6:aimath_f32_default_divide	32	static
../Core/aifes/basic/default/aimath/aimath_f32_default.c:238:6:aimath_f32_default_scalar_mul	32	static
../Core/aifes/basic/default/aimath/aimath_f32_default.c:248:6:aimath_f32_default_scalar_add	32	static
../Core/aifes/basic/default/aimath/aimath_f32_default.c:258:6:aimath_f32_default_tensor_add	40	static
../Core/aifes/basic/default/aimath/aimath_f32_default.c:289:6:aimath_f32_default_tensor_sub	32	static
../Core/aifes/basic/default/aimath/aimath_f32_default.c:303:6:aimath_f32_default_tensor_sub_sparse8	32	static
../Core/aifes/basic/default/aimath/aimath_f32_default.c:314:6:aimath_f32_default_copy_tensor	24	static
../Core/aifes/basic/default/aimath/aimath_f32_default.c:324:6:aimath_f32_default_transpose_vector	24	static
../Core/aifes/basic/default/aimath/aimath_f32_default.c:333:6:aimath_f32_default_transpose_matrix	80	dynamic
../Core/aifes/basic/default/aimath/aimath_f32_default.c:353:6:aimath_f32_default_norm_squared	24	static
../Core/aifes/basic/default/aimath/aimath_f32_default.c:366:6:aimath_f32_default_sum	24	static
../Core/aifes/basic/default/aimath/aimath_f32_default.c:379:6:aimath_f32_default_min	24	static
../Core/aifes/basic/default/aimath/aimath_f32_default.c:395:6:aimath_f32_default_max	24	static
../Core/aifes/basic/default/aimath/aimath_f32_default.c:411:6:aimath_f32_default_sigmoid	24	static
../Core/aifes/basic/default/aimath/aimath_f32_default.c:422:6:aimath_f32_default_d_sigmoid	24	static
../Core/aifes/basic/default/aimath/aimath_f32_default.c:433:6:aimath_f32_default_tanh	24	static
../Core/aifes/basic/default/aimath/aimath_f32_default.c:445:6:aimath_f32_default_d_tanh	24	static
../Core/aifes/basic/default/aimath/aimath_f32_default.c:456:6:aimath_f32_default_relu	24	static
../Core/aifes/basic/default/aimath/aimath_f32_default.c:467:6:aimath_f32_default_d_relu	24	static
../Core/aifes/basic/default/aimath/aimath_f32_default.c:478:6:aimath_f32_default_leaky_relu	32	static
../Core/aifes/basic/default/aimath/aimath_f32_default.c:489:6:aimath_f32_default_d_leaky_relu	32	static
../Core/aifes/basic/default/aimath/aimath_f32_default.c:500:6:aimath_f32_default_elu	40	static
../Core/aifes/basic/default/aimath/aimath_f32_default.c:511:6:aimath_f32_default_d_elu	40	static
../Core/aifes/basic/default/aimath/aimath_f32_default.c:522:6:aimath_f32_default_softmax	56	static
../Core/aifes/basic/default/aimath/aimath_f32_default.c:561:6:aimath_f32_default_softsign	32	static
../Core/aifes/basic/default/aimath/aimath_f32_default.c:572:6:aimath_f32_default_d_softsign	32	static
../Core/aifes/basic/default/aimath/aimath_f32_default.c:585:6:aimath_f32_default_binary_crossentropy_sum	40	static
../Core/aifes/basic/default/aimath/aimath_f32_default.c:600:6:aimath_f32_default_binary_crossentropy_mean	24	static
../Core/aifes/basic/default/aimath/aimath_f32_default.c:609:6:aimath_f32_default_categorical_crossentropy_sum	40	static
../Core/aifes/basic/default/aimath/aimath_f32_default.c:625:6:aimath_f32_default_categorical_crossentropy_mean	24	static
../Core/aifes/basic/default/aimath/aimath_f32_default.c:635:6:aimath_f32_default_categorical_crossentropy_sum_sparse8	32	static
../Core/aifes/basic/default/aimath/aimath_f32_default.c:648:6:aimath_f32_default_categorical_crossentropy_mean_sparse8	24	static
../Core/aifes/basic/default/aimath/aimath_f32_default.c:655:6:aimath_f32_default_sqrt	32	static
../Core/aifes/basic/default/aimath/aimath_f32_default.c:665:6:aimath_f32_default_zero_tensor	24	static
../Core/aifes/basic/default/aimath/aimath_f32_default.c:675:6:aimath_f32_default_init_zeros	16	static
../Core/aifes/basic/default/aimath/aimath_f32_default.c:681:6:aimath_f32_default_init_ones	24	static
../Core/aifes/basic/default/aimath/aimath_f32_default.c:691:6:aimath_f32_default_tensor_init_uniform	32	static
../Core/aifes/basic/default/aimath/aimath_f32_default.c:710:6:aimath_f32_default_init_glorot_uniform	16	static
../Core/aifes/basic/default/aimath/aimath_f32_default.c:715:6:aimath_f32_default_init_glorot_uniform_cdim	40	static
../Core/aifes/basic/default/aimath/aimath_f32_default.c:745:6:aimath_f32_default_init_he_uniform	16	static
../Core/aifes/basic/default/aimath/aimath_f32_default.c:750:6:aimath_f32_default_init_he_uniform_cdim	40	static
../Core/aifes/basic/default/aimath/aimath_f32_default.c:769:7:aimath_f32_default_expf_fast	24	static
../Core/aifes/basic/default/aimath/aimath_f32_default.c:787:6:aimath_f32_default_sum_channelwise	48	static
../Core/aifes/basic/default/aimath/aimath_f32_default.c:810:6:aimath_f32_default_mean_channelwise	48	static
../Core/aifes/basic/default/aimath/aimath_f32_default.c:834:6:aimath_f32_default_variance_channelwise	56	static
../Core/aifes/basic/default/aimath/aimath_f32_default.c:863:6:aimath_f32_default_exponential_moving_average	32	static
../Core/aifes/basic/default/aimath/aimath_f32_default.c:874:6:aimath_f32_default_mse_gradients_mean	32	static
../Core/aifes/basic/default/aimath/aimath_f32_default.c:884:6:aimath_f32_default_mse_gradients_sum	32	static
../Core/aifes/basic/default/aimath/aimath_f32_default.c:894:6:aimath_f32_default_mse_loss_sum	80	dynamic
../Core/aifes/basic/default/aimath/aimath_f32_default.c:905:6:aimath_f32_default_mse_loss_mean	24	static
../Core/aifes/basic/default/aimath/aimath_f32_default.c:913:6:aimath_f32_default_scale_by_batch_size	24	static
