../Core/Src/adafruit_PCD8544.c:94:6:draw_tictactoe_grid	16	static
../Core/Src/adafruit_PCD8544.c:141:6:print_tictactoe_board	24	static
../Core/Src/adafruit_PCD8544.c:172:6:draw_symbol_in_cell	40	static
../Core/Src/adafruit_PCD8544.c:223:6:spi_write	24	static
../Core/Src/adafruit_PCD8544.c:257:6:LCDcommand	16	static
../Core/Src/adafruit_PCD8544.c:273:6:LCDdata	16	static
../Core/Src/adafruit_PCD8544.c:291:6:LCD_Print	24	static
../Core/Src/adafruit_PCD8544.c:310:6:setPixel1	32	static
../Core/Src/adafruit_PCD8544.c:333:6:setPixel	16	static
../Core/Src/adafruit_PCD8544.c:347:6:clearPixel	16	static
../Core/Src/adafruit_PCD8544.c:368:6:setLine	48	static
../Core/Src/adafruit_PCD8544.c:440:6:setRect	40	static
../Core/Src/adafruit_PCD8544.c:474:6:setCircle	48	static
../Core/Src/adafruit_PCD8544.c:525:6:setChar	40	static
../Core/Src/adafruit_PCD8544.c:552:6:setStr	32	static
../Core/Src/adafruit_PCD8544.c:579:6:SetBitMap	24	static
../Core/Src/adafruit_PCD8544.c:596:6:clearDisplay	24	static
../Core/Src/adafruit_PCD8544.c:612:6:gotoXY	16	static
../Core/Src/adafruit_PCD8544.c:624:6:updateDisplay	16	static
../Core/Src/adafruit_PCD8544.c:641:6:setContrast	16	static
../Core/Src/adafruit_PCD8544.c:654:6:invertDisplay	16	static
../Core/Src/adafruit_PCD8544.c:669:6:lcdBegin	8	static
../Core/Src/adafruit_PCD8544.c:697:6:delay	24	static
