../Core/Src/adafruit_PCD8544.c:63:6:draw_tictactoe_grid	16	static
../Core/Src/adafruit_PCD8544.c:94:6:draw_symbol_in_cell	40	static
../Core/Src/adafruit_PCD8544.c:124:6:spi_write	24	static
../Core/Src/adafruit_PCD8544.c:147:6:LCDcommand	16	static
../Core/Src/adafruit_PCD8544.c:154:6:LCDdata	16	static
../Core/Src/adafruit_PCD8544.c:162:6:LCD_Print	24	static
../Core/Src/adafruit_PCD8544.c:170:6:setPixel1	32	static
../Core/Src/adafruit_PCD8544.c:185:6:setPixel	16	static
../Core/Src/adafruit_PCD8544.c:190:6:clearPixel	16	static
../Core/Src/adafruit_PCD8544.c:198:6:setLine	48	static
../Core/Src/adafruit_PCD8544.c:261:6:setRect	40	static
../Core/Src/adafruit_PCD8544.c:300:6:setCircle	48	static
../Core/Src/adafruit_PCD8544.c:343:6:setChar	40	static
../Core/Src/adafruit_PCD8544.c:363:6:setStr	32	static
../Core/Src/adafruit_PCD8544.c:386:6:SetBitMap	24	static
../Core/Src/adafruit_PCD8544.c:398:6:clearDisplay	24	static
../Core/Src/adafruit_PCD8544.c:411:6:gotoXY	16	static
../Core/Src/adafruit_PCD8544.c:419:6:updateDisplay	16	static
../Core/Src/adafruit_PCD8544.c:430:6:setContrast	16	static
../Core/Src/adafruit_PCD8544.c:441:6:invertDisplay	16	static
../Core/Src/adafruit_PCD8544.c:456:6:lcdBegin	8	static
../Core/Src/adafruit_PCD8544.c:477:6:delay	24	static
